#-----------------------------------------------------------
# Vivado v2018.1 (64-bit)
# SW Build 2188600 on Wed Apr  4 18:40:38 MDT 2018
# IP Build 2185939 on Wed Apr  4 20:55:05 MDT 2018
# Start of session at: Mon Jul  2 16:25:35 2018
# Process ID: 9760
# Current directory: C:/Users/rinel/Desktop/computer_architecture_project/dvi_edge_detector
# Command line: vivado.exe -gui_launcher_event rodinguilauncherevent18864 C:\Users\rinel\Desktop\computer_architecture_project\dvi_edge_detector\dvi_edge_detector.xpr
# Log file: C:/Users/rinel/Desktop/computer_architecture_project/dvi_edge_detector/vivado.log
# Journal file: C:/Users/rinel/Desktop/computer_architecture_project/dvi_edge_detector\vivado.jou
#-----------------------------------------------------------
start_gui
open_project C:/Users/rinel/Desktop/computer_architecture_project/dvi_edge_detector/dvi_edge_detector.xpr
update_compile_order -fileset sources_1
synth_design -rtl -name rtl_1
open_hw
connect_hw_server
open_hw_target
set_property PROGRAM.FILE {C:/Users/rinel/Desktop/computer_architecture_project/dvi_edge_detector/dvi_edge_detector.runs/impl_1/edge_detector_filter.bit} [get_hw_devices xc7z020_1]
current_hw_device [get_hw_devices xc7z020_1]
refresh_hw_device -update_hw_probes false [lindex [get_hw_devices xc7z020_1] 0]
set_property PROBES.FILE {} [get_hw_devices xc7z020_1]
set_property FULL_PROBES.FILE {} [get_hw_devices xc7z020_1]
set_property PROGRAM.FILE {C:/Users/rinel/Desktop/computer_architecture_project/dvi_edge_detector/dvi_edge_detector.runs/impl_1/edge_detector_filter.bit} [get_hw_devices xc7z020_1]
program_hw_devices [get_hw_devices xc7z020_1]
refresh_hw_device [lindex [get_hw_devices xc7z020_1] 0]
reset_run synth_1
launch_runs impl_1 -to_step write_bitstream -jobs 4
wait_on_run impl_1
set_property PROBES.FILE {} [get_hw_devices xc7z020_1]
set_property FULL_PROBES.FILE {} [get_hw_devices xc7z020_1]
set_property PROGRAM.FILE {C:/Users/rinel/Desktop/computer_architecture_project/dvi_edge_detector/dvi_edge_detector.runs/impl_1/edge_detector_filter.bit} [get_hw_devices xc7z020_1]
program_hw_devices [get_hw_devices xc7z020_1]
refresh_hw_device [lindex [get_hw_devices xc7z020_1] 0]
open_run impl_1
reset_run synth_1
launch_runs impl_1 -to_step write_bitstream -jobs 4
wait_on_run impl_1
close_design
set_property PROBES.FILE {} [get_hw_devices xc7z020_1]
set_property FULL_PROBES.FILE {} [get_hw_devices xc7z020_1]
set_property PROGRAM.FILE {C:/Users/rinel/Desktop/computer_architecture_project/dvi_edge_detector/dvi_edge_detector.runs/impl_1/edge_detector_filter.bit} [get_hw_devices xc7z020_1]
program_hw_devices [get_hw_devices xc7z020_1]
refresh_hw_device [lindex [get_hw_devices xc7z020_1] 0]
reset_run synth_1
launch_runs impl_1 -to_step write_bitstream -jobs 4
wait_on_run impl_1
reset_run synth_1
launch_runs impl_1 -to_step write_bitstream -jobs 4
wait_on_run impl_1
open_run impl_1
set_property PROBES.FILE {} [get_hw_devices xc7z020_1]
set_property FULL_PROBES.FILE {} [get_hw_devices xc7z020_1]
set_property PROGRAM.FILE {C:/Users/rinel/Desktop/computer_architecture_project/dvi_edge_detector/dvi_edge_detector.runs/impl_1/edge_detector_filter.bit} [get_hw_devices xc7z020_1]
program_hw_devices [get_hw_devices xc7z020_1]
refresh_hw_device [lindex [get_hw_devices xc7z020_1] 0]
reset_run synth_1
launch_runs impl_1 -to_step write_bitstream -jobs 4
wait_on_run impl_1
set_property PROBES.FILE {} [get_hw_devices xc7z020_1]
set_property FULL_PROBES.FILE {} [get_hw_devices xc7z020_1]
set_property PROGRAM.FILE {C:/Users/rinel/Desktop/computer_architecture_project/dvi_edge_detector/dvi_edge_detector.runs/impl_1/edge_detector_filter.bit} [get_hw_devices xc7z020_1]
program_hw_devices [get_hw_devices xc7z020_1]
refresh_hw_device [lindex [get_hw_devices xc7z020_1] 0]
reset_run synth_1
launch_runs impl_1 -to_step write_bitstream -jobs 4
wait_on_run impl_1
set_property PROBES.FILE {} [get_hw_devices xc7z020_1]
set_property FULL_PROBES.FILE {} [get_hw_devices xc7z020_1]
set_property PROGRAM.FILE {C:/Users/rinel/Desktop/computer_architecture_project/dvi_edge_detector/dvi_edge_detector.runs/impl_1/edge_detector_filter.bit} [get_hw_devices xc7z020_1]
program_hw_devices [get_hw_devices xc7z020_1]
refresh_hw_device [lindex [get_hw_devices xc7z020_1] 0]
report_timing_summary -delay_type min_max -report_unconstrained -check_timing_verbose -max_paths 10 -input_pins -routable_nets -name timing_1
reset_run synth_1
launch_runs impl_1 -to_step write_bitstream -jobs 4
wait_on_run impl_1
close_design
set_property PROBES.FILE {} [get_hw_devices xc7z020_1]
set_property FULL_PROBES.FILE {} [get_hw_devices xc7z020_1]
set_property PROGRAM.FILE {C:/Users/rinel/Desktop/computer_architecture_project/dvi_edge_detector/dvi_edge_detector.runs/impl_1/edge_detector_filter.bit} [get_hw_devices xc7z020_1]
program_hw_devices [get_hw_devices xc7z020_1]
refresh_hw_device [lindex [get_hw_devices xc7z020_1] 0]
open_run impl_1
report_timing_summary -delay_type min_max -report_unconstrained -check_timing_verbose -max_paths 10 -input_pins -routable_nets -name timing_1
report_clocks
open_run synth_1 -name synth_1
report_timing_summary -delay_type min_max -report_unconstrained -check_timing_verbose -max_paths 10 -input_pins -routable_nets -name timing_1
report_clock_networks -name {network_1}
