#-----------------------------------------------------------
# Webtalk v2018.1 (64-bit)
# SW Build 2188600 on Wed Apr  4 18:39:19 MDT 2018
# IP Build 2185939 on Wed Apr  4 20:55:05 MDT 2018
# Start of session at: Wed Jul 11 18:33:18 2018
# Process ID: 12967
# Current directory: /mnt/condivisione/BACKUPS/backup_polito/computer_architecture/project/dvi_edge_detector/dvi_edge_detector.sim/sim_1/behav/xsim
# Command line: wbtcv -mode batch -source /mnt/condivisione/BACKUPS/backup_polito/computer_architecture/project/dvi_edge_detector/dvi_edge_detector.sim/sim_1/behav/xsim/xsim.dir/deserializer_tb_behav/webtalk/xsim_webtalk.tcl -notrace
# Log file: /mnt/condivisione/BACKUPS/backup_polito/computer_architecture/project/dvi_edge_detector/dvi_edge_detector.sim/sim_1/behav/xsim/webtalk.log
# Journal file: /mnt/condivisione/BACKUPS/backup_polito/computer_architecture/project/dvi_edge_detector/dvi_edge_detector.sim/sim_1/behav/xsim/webtalk.jou
#-----------------------------------------------------------
source /mnt/condivisione/BACKUPS/backup_polito/computer_architecture/project/dvi_edge_detector/dvi_edge_detector.sim/sim_1/behav/xsim/xsim.dir/deserializer_tb_behav/webtalk/xsim_webtalk.tcl -notrace
