#-----------------------------------------------------------
# Vivado v2018.1 (64-bit)
# SW Build 2188600 on Wed Apr  4 18:40:38 MDT 2018
# IP Build 2185939 on Wed Apr  4 20:55:05 MDT 2018
# Start of session at: Thu May 10 22:27:42 2018
# Process ID: 12368
# Current directory: C:/Users/rinel/Desktop/computer_architecture_project/hdmi_out_test
# Command line: vivado.exe -gui_launcher_event rodinguilauncherevent11332 C:\Users\rinel\Desktop\computer_architecture_project\hdmi_out_test\hdmi_out_test.xpr
# Log file: C:/Users/rinel/Desktop/computer_architecture_project/hdmi_out_test/vivado.log
# Journal file: C:/Users/rinel/Desktop/computer_architecture_project/hdmi_out_test\vivado.jou
#-----------------------------------------------------------
start_gui
open_project C:/Users/rinel/Desktop/computer_architecture_project/hdmi_out_test/hdmi_out_test.xpr
open_run impl_1
open_hw
connect_hw_server
open_hw_target
set_property PROGRAM.FILE {C:/Users/rinel/Desktop/computer_architecture_project/hdmi_out_test/hdmi_out_test.runs/impl_1/hdmi_controller.bit} [get_hw_devices xc7z020_1]
current_hw_device [get_hw_devices xc7z020_1]
refresh_hw_device -update_hw_probes false [lindex [get_hw_devices xc7z020_1] 0]
set_property PROBES.FILE {} [get_hw_devices xc7z020_1]
set_property FULL_PROBES.FILE {} [get_hw_devices xc7z020_1]
set_property PROGRAM.FILE {C:/Users/rinel/Desktop/computer_architecture_project/hdmi_out_test/hdmi_out_test.runs/impl_1/hdmi_controller.bit} [get_hw_devices xc7z020_1]
program_hw_devices [get_hw_devices xc7z020_1]
refresh_hw_device [lindex [get_hw_devices xc7z020_1] 0]
refresh_hw_device [lindex [get_hw_devices xc7z020_1] 0]
set_property PROBES.FILE {} [get_hw_devices xc7z020_1]
set_property FULL_PROBES.FILE {} [get_hw_devices xc7z020_1]
set_property PROGRAM.FILE {C:/Users/rinel/Desktop/computer_architecture_project/hdmi_out_test/hdmi_out_test.runs/impl_1/hdmi_controller.bit} [get_hw_devices xc7z020_1]
program_hw_devices [get_hw_devices xc7z020_1]
refresh_hw_device [lindex [get_hw_devices xc7z020_1] 0]
disconnect_hw_server localhost:3121
connect_hw_server
open_hw_target
set_property PROGRAM.FILE {C:/Users/rinel/Desktop/computer_architecture_project/hdmi_out_test/hdmi_out_test.runs/impl_1/hdmi_controller.bit} [get_hw_devices xc7z020_1]
current_hw_device [get_hw_devices xc7z020_1]
refresh_hw_device -update_hw_probes false [lindex [get_hw_devices xc7z020_1] 0]
set_property PROBES.FILE {} [get_hw_devices xc7z020_1]
set_property FULL_PROBES.FILE {} [get_hw_devices xc7z020_1]
set_property PROGRAM.FILE {C:/Users/rinel/Desktop/computer_architecture_project/hdmi_out_test/hdmi_out_test.runs/impl_1/hdmi_controller.bit} [get_hw_devices xc7z020_1]
program_hw_devices [get_hw_devices xc7z020_1]
refresh_hw_device [lindex [get_hw_devices xc7z020_1] 0]
set_property PROBES.FILE {} [get_hw_devices xc7z020_1]
set_property FULL_PROBES.FILE {} [get_hw_devices xc7z020_1]
set_property PROGRAM.FILE {C:/Users/rinel/Desktop/computer_architecture_project/hdmi_out_test/hdmi_out_test.runs/impl_1/hdmi_controller.bit} [get_hw_devices xc7z020_1]
program_hw_devices [get_hw_devices xc7z020_1]
refresh_hw_device [lindex [get_hw_devices xc7z020_1] 0]
disconnect_hw_server localhost:3121
connect_hw_server
disconnect_hw_server localhost:3121
connect_hw_server
open_hw_target
set_property PROGRAM.FILE {C:/Users/rinel/Desktop/computer_architecture_project/hdmi_out_test/hdmi_out_test.runs/impl_1/hdmi_controller.bit} [get_hw_devices xc7z020_1]
current_hw_device [get_hw_devices xc7z020_1]
refresh_hw_device -update_hw_probes false [lindex [get_hw_devices xc7z020_1] 0]
set_property PROBES.FILE {} [get_hw_devices xc7z020_1]
set_property FULL_PROBES.FILE {} [get_hw_devices xc7z020_1]
set_property PROGRAM.FILE {C:/Users/rinel/Desktop/computer_architecture_project/hdmi_out_test/hdmi_out_test.runs/impl_1/hdmi_controller.bit} [get_hw_devices xc7z020_1]
program_hw_devices [get_hw_devices xc7z020_1]
refresh_hw_device [lindex [get_hw_devices xc7z020_1] 0]
