#-----------------------------------------------------------
# Vivado v2018.1 (64-bit)
# SW Build 2188600 on Wed Apr  4 18:40:38 MDT 2018
# IP Build 2185939 on Wed Apr  4 20:55:05 MDT 2018
# Start of session at: Sat May 19 17:28:37 2018
# Process ID: 16260
# Current directory: C:/Users/rinel/Desktop/computer_architecture_project/hdmi_out_test
# Command line: vivado.exe -gui_launcher_event rodinguilauncherevent1324 C:\Users\rinel\Desktop\computer_architecture_project\hdmi_out_test\hdmi_out_test.xpr
# Log file: C:/Users/rinel/Desktop/computer_architecture_project/hdmi_out_test/vivado.log
# Journal file: C:/Users/rinel/Desktop/computer_architecture_project/hdmi_out_test\vivado.jou
#-----------------------------------------------------------
start_gui
open_project C:/Users/rinel/Desktop/computer_architecture_project/hdmi_out_test/hdmi_out_test.xpr
open_hw
connect_hw_server
disconnect_hw_server localhost:3121
connect_hw_server
disconnect_hw_server localhost:3121
connect_hw_server
disconnect_hw_server localhost:3121
connect_hw_server
reset_run synth_1
launch_runs impl_1 -to_step write_bitstream -jobs 4
wait_on_run impl_1
disconnect_hw_server localhost:3121
connect_hw_server
reset_run clk_wiz_hdmi_synth_1
reset_run synth_1
launch_runs synth_1 -jobs 4
wait_on_run synth_1
launch_runs impl_1 -jobs 4
wait_on_run impl_1
disconnect_hw_server localhost:3121
connect_hw_server
disconnect_hw_server localhost:3121
connect_hw_server
disconnect_hw_server localhost:3121
connect_hw_server
launch_runs impl_1 -to_step write_bitstream -jobs 4
wait_on_run impl_1
disconnect_hw_server localhost:3121
connect_hw_server
disconnect_hw_server localhost:3121
connect_hw_server
disconnect_hw_server localhost:3121
connect_hw_server
disconnect_hw_server localhost:3121
connect_hw_server
disconnect_hw_server localhost:3121
connect_hw_server
disconnect_hw_server localhost:3121
connect_hw_server
disconnect_hw_server localhost:3121
connect_hw_server
disconnect_hw_server localhost:3121
connect_hw_server
